// Jest Snapshot v1, https://goo.gl/fbAQLP

exports[`should render ExpenseListItem with an expense 1`] = `
<Link
  className="list-item"
  replace={false}
  to="/edit/1"
>
  <div>
    <h3
      className="list-item__title"
    >
       
      Pizza
    </h3>
    <span
      className="list-item__subtitle"
    >
      5th January, 1970
    </span>
  </div>
  <h3
    className="list-item__data"
  >
    â‚¬
    3,990
  </h3>
</Link>
`;
