// Jest Snapshot v1, https://goo.gl/fbAQLP

exports[`should render Header correctly 1`] = `
<header>
  <h1>
    Expense List
  </h1>
  <NavLink
    activeClassName="is-active"
    ariaCurrent="true"
    exact={true}
    to="/"
  >
    Home
  </NavLink>
  Â 
  <NavLink
    activeClassName="is-active"
    ariaCurrent="true"
    to="/add"
  >
    Add
  </NavLink>
</header>
`;
